// Jest Snapshot v1, https://goo.gl/fbAQLP

exports[`ObfuscatedLink renders a match to the previous snapshot 1`] = `
<a
  className=""
>
  <img
    alt="a triangle icon"
    className="carrot"
    src="arrow.svg"
  />
</a>
`;
