// Jest Snapshot v1, https://goo.gl/fbAQLP

exports[`VerifySelectionsView renders a match to the previous snapshot 1`] = `
<div
  className="verify-selections-view"
>
  <div
    className="grid-container"
  >
    <h1
      className=""
      id="skip-to-h1"
    />
    <div
      className="section-wrapper"
    >
      <div
        className="section"
      >
        <button
          className=""
          type="button"
        />
        <div />
        <div
          className="section-nav-btn-group"
        >
          <button
            className=""
            type="button"
          >
            Confirm
          </button>
          <button
            className=""
            type="button"
          >
            Back
          </button>
        </div>
      </div>
    </div>
  </div>
</div>
`;
