// Jest Snapshot v1, https://goo.gl/fbAQLP

exports[`Paragraph renders a match to the previous snapshot 1`] = `
<p
  className=""
/>
`;
