// Jest Snapshot v1, https://goo.gl/fbAQLP

exports[`TextInput renders a match to the previous snapshot 1`] = `
Array [
  <label
    className=""
  />,
  <input
    className=""
    type="text"
  />,
]
`;
