// Jest Snapshot v1, https://goo.gl/fbAQLP

exports[`TextInput renders a match to the previous snapshot 1`] = `
<input
  className=""
  type="text"
/>
`;
