// Jest Snapshot v1, https://goo.gl/fbAQLP

exports[`Alert renders a match to the previous snapshot 1`] = `
<div
  className=""
  role="alert"
>
  <div
    className="usa-alert__body"
  >
    <h4
      className="usa-alert__heading"
    />
    <p
      className="usa-alert__text"
    />
  </div>
</div>
`;
