// Jest Snapshot v1, https://goo.gl/fbAQLP

exports[`Form renders a match to the previous snapshot 1`] = `
<form
  className="benefit-form"
>
  <div
    className="grid-container"
  />
</form>
`;
