// Jest Snapshot v1, https://goo.gl/fbAQLP

exports[`Select renders a match to the previous snapshot 1`] = `
<button
  className="usa-button"
/>
`;
