// Jest Snapshot v1, https://goo.gl/fbAQLP

exports[`Label renders a match to the previous snapshot 1`] = `
<label
  className=""
/>
`;
