// Jest Snapshot v1, https://goo.gl/fbAQLP

exports[`ObfuscatedLink renders a match to the previous snapshot 1`] = `
<div
  className=""
>
  <a />
</div>
`;
