// Jest Snapshot v1, https://goo.gl/fbAQLP

exports[`Alert renders a match to the previous snapshot 1`] = `
<div
  className="usa-alert usa-alert--info usa-alert--no-icon"
>
  <div
    className="usa-alert__body"
  >
    <p
      className="usa-alert__text"
    />
  </div>
</div>
`;
