// Jest Snapshot v1, https://goo.gl/fbAQLP

exports[`LifeEventSection renders a match to the previous snapshot 1`] = `
<div
  className="section"
>
  <div>
    <div
      aria-label="progress"
      className="usa-step-indicator"
    >
      <ol
        className="usa-step-indicator__segments"
      />
    </div>
    <button
      className=""
      onClick={[Function]}
      type="button"
    >
      Back
    </button>
  </div>
  <button
    className=""
    onClick={[Function]}
    type="button"
  >
    Back
  </button>
  <button
    className=""
    onClick={[Function]}
    type="button"
  >
    Continue
  </button>
</div>
`;
