// Jest Snapshot v1, https://goo.gl/fbAQLP

exports[`Modal renders a match to the previous snapshot 1`] = `
<div
  className="benefit-modal-group"
>
  <a
    className=""
    onClick={[Function]}
    onKeyDown={[Function]}
    tabIndex="0"
  />
</div>
`;
