// Jest Snapshot v1, https://goo.gl/fbAQLP

exports[`Hint renders a match to the previous snapshot 1`] = `
<span
  className="usa-hint usa-hint--required required"
  title="required"
>
  (undefined || Required)
</span>
`;
