// Jest Snapshot v1, https://goo.gl/fbAQLP

exports[`Hint renders a match to the previous snapshot 1`] = `<div />`;
