// Jest Snapshot v1, https://goo.gl/fbAQLP

exports[`Radio renders a match to the previous snapshot 1`] = `
<div
  className="usa-radio"
>
  <input
    className=""
    type="radio"
  />
  <label
    className=""
  />
</div>
`;
