// Jest Snapshot v1, https://goo.gl/fbAQLP

exports[`Legend renders a match to the previous snapshot 1`] = `
<legend
  className="usa-legend"
/>
`;
