// Jest Snapshot v1, https://goo.gl/fbAQLP

exports[`Fieldset renders a match to the previous snapshot 1`] = `
<fieldset
  className="usa-fieldset "
/>
`;
