// Jest Snapshot v1, https://goo.gl/fbAQLP

exports[`NoticesList renders a match to the previous snapshot 1`] = `
<div
  className="notices"
>
  <ul
    className="notices-list add-list-reset"
  >
    <li
      className="notice"
    >
      <div
        className=""
        role="alert"
      >
        <div
          className="usa-alert__body"
        >
          <p
            className="usa-alert__text"
          >
            <div
              dangerouslySetInnerHTML={
                Object {
                  "__html": "<div>Your information<strong> will not</strong> be shared, saved, or submitted.</div>",
                }
              }
            />
          </p>
        </div>
      </div>
    </li>
    <li
      className="notice"
    >
      <div
        className=""
        role="alert"
      >
        <div
          className="usa-alert__body"
        >
          <p
            className="usa-alert__text"
          >
            <div
              dangerouslySetInnerHTML={
                Object {
                  "__html": "Provide complete and accurate information to get the most relevant results.",
                }
              }
            />
          </p>
        </div>
      </div>
    </li>
    <li
      className="notice"
    >
      <div
        className=""
        role="alert"
      >
        <div
          className="usa-alert__body"
        >
          <p
            className="usa-alert__text"
          >
            <div
              dangerouslySetInnerHTML={
                Object {
                  "__html": "<div><strong>This form is not an application.</strong> You will need to apply for benefits with each agency.</div>",
                }
              }
            />
          </p>
        </div>
      </div>
    </li>
  </ul>
  <div
    className="line-sperator-wrapper"
  >
    <div
      className="line-sperator"
    />
  </div>
</div>
`;
