// Jest Snapshot v1, https://goo.gl/fbAQLP

exports[`Email renders a match to the previous snapshot 1`] = `
<button
  className=""
  onClick={[Function]}
  type="button"
/>
`;
