// Jest Snapshot v1, https://goo.gl/fbAQLP

exports[`TimeIndicator renders a match to the previous snapshot 1`] = `
<div
  className="time-indicator"
>
   
</div>
`;
