// Jest Snapshot v1, https://goo.gl/fbAQLP

exports[`KeyElegibilityCrieriaList renders a match to the previous snapshot 1`] = `
<div
  className=""
/>
`;
