// Jest Snapshot v1, https://goo.gl/fbAQLP

exports[`Select renders a match to the previous snapshot 1`] = `
Array [
  <label
    className=""
  >
    Dropdown Label
  </label>,
  <select
    className=""
    value=""
  >
    <option
      disabled={true}
      value=""
    >
      Click to Select
    </option>
    <option
      value=""
    />
    <option
      value="value-1"
    >
      value-1
    </option>
    <option
      value="value-2"
    >
      value-2
    </option>
    <option
      value="value-3"
    >
      value-3
    </option>
  </select>,
]
`;
