// Jest Snapshot v1, https://goo.gl/fbAQLP

exports[`StepBackLink renders a match to the previous snapshot 1`] = `
<button
  className=""
  onClick={[Function]}
  type="button"
>
  Back
</button>
`;
