// Jest Snapshot v1, https://goo.gl/fbAQLP

exports[`App renders a match to the previous snapshot 1`] = `null`;
